---
source: tests/pipeline_streams.rs
expression: snapshot
input_file: tests/fixtures/streams/opencode/retry-compaction.jsonl
---
line_count: 11
checkpoint_count: 1
checkpoints:
  - line_index: 9
    event_type: opencode/session.idle
    roles:
      - assistant
    last_part_types:
      - system-notice
      - system-notice
      - text
final_state:
  message_count: 1
  roles:
    - assistant
  total_parts: 3
persisted_turns:
  turn_count: 1
  total_blocks: 3
  turns:
    - role: assistant
      block_types:
        - compaction
        - retry
        - text
historical_render:
  message_count: 1
  messages:
    - role: assistant
      part_types:
        - system-notice
        - system-notice
        - text
